
T14773b.hs:4:10: warning: [-Wincomplete-patterns (in -Wextra)]

    Pattern match(es) are non-exhaustive
    In a pattern binding in
         pattern guard for
         a pattern binding:
        Patterns not matched: _
