
T14773a.hs:6:12: warning: [-Wincomplete-patterns (in -Wextra)]

    Pattern match(es) are non-exhaustive
    In a multi-way if alternative: Patterns not matched: _
